S aaabbbccc
 Aaaabbbccc
 Baaabbbccc
 Cxaabbbccc
 xCaabbbccc
 xaCabbbccc
 xaaCbbbccc
 xaabCbbccc
 xaabbCbccc
 xaabbbCccc
 xaabbbcCcc
 xaabbbccCc
 xaabbbcccC
 xaabbbccDc
 xaabbbcDcc
 xaabbbDccc
 xaabbDbccc
 xaabbExccc
 xaabEbxccc
 xaaEbbxccc
 xaEabbxccc
 xEaabbxccc
 Exaabbxccc
E xaabbxccc
 Gxaabbxccc
 xGaabbxccc
 xaGabbxccc
 xaaGbbxccc
 xaabGbxccc
 xaabbGxccc
 xaabbxGccc
 xaabbxHxcc
 xaabbHxxcc
 xaabHbxxcc
 xaaHbbxxcc
 xaHabbxxcc
 xHaabbxxcc
 Hxaabbxxcc
H xaabbxxcc
 Ixaabbxxcc
 xIaabbxxcc
 Jxaabbxxcc
J xaabbxxcc
 Bxaabbxxcc
 xBaabbxxcc
 xCxabbxxcc
 xxCabbxxcc
 xxaCbbxxcc
 xxabCbxxcc
 xxabbCxxcc
 xxabbxCxcc
 xxabbxxCcc
 xxabbxxcCc
 xxabbxxccC
 xxabbxxcDc
 xxabbxxDcc
 xxabbxDxcc
 xxabbDxxcc
 xxabDbxxcc
 xxabExxxcc
 xxaEbxxxcc
 xxEabxxxcc
 xExabxxxcc
 Exxabxxxcc
E xxabxxxcc
 Gxxabxxxcc
 xGxabxxxcc
 xxGabxxxcc
 xxaGbxxxcc
 xxabGxxxcc
 xxabxGxxcc
 xxabxxGxcc
 xxabxxxGcc
 xxabxxxHxc
 xxabxxHxxc
 xxabxHxxxc
 xxabHxxxxc
 xxaHbxxxxc
 xxHabxxxxc
 xHxabxxxxc
 Hxxabxxxxc
H xxabxxxxc
 Ixxabxxxxc
 xIxabxxxxc
 xxIabxxxxc
 xJxabxxxxc
 Jxxabxxxxc
J xxabxxxxc
 Bxxabxxxxc
 xBxabxxxxc
 xxBabxxxxc
 xxCxbxxxxc
 xxxCbxxxxc
 xxxbCxxxxc
 xxxbxCxxxc
 xxxbxxCxxc
 xxxbxxxCxc
 xxxbxxxxCc
 xxxbxxxxcC
 xxxbxxxxDc
 xxxbxxxDxc
 xxxbxxDxxc
 xxxbxDxxxc
 xxxbDxxxxc
 xxxDbxxxxc
 xxxExxxxxc
 xxExxxxxxc
 xExxxxxxxc
 Exxxxxxxxc
E xxxxxxxxc
 Gxxxxxxxxc
 xGxxxxxxxc
 xxGxxxxxxc
 xxxGxxxxxc
 xxxxGxxxxc
 xxxxxGxxxc
 xxxxxxGxxc
 xxxxxxxGxc
 xxxxxxxxGc
 xxxxxxxxHx
 xxxxxxxHxx
 xxxxxxHxxx
 xxxxxHxxxx
 xxxxHxxxxx
 xxxHxxxxxx
 xxHxxxxxxx
 xHxxxxxxxx
 Hxxxxxxxxx
H xxxxxxxxx
 Ixxxxxxxxx
 xIxxxxxxxx
 xxIxxxxxxx
 xxxIxxxxxx
 xxxxIxxxxx
 xxxxxIxxxx
 xxxxxxIxxx
 xxxxxxxIxx
 xxxxxxxxIx
 xxxxxxxxxI
 xxxxxxxxxF
