S aabbacacabaabcaa
 Aaabbacacabaabcaa
 Bxabbacacabaabcaa
B xabbacacabaabcaa
 Cxabbacacabaabcaa
 xCabbacacabaabcaa
 xaCbbacacabaabcaa
 xaDxbacacabaabcaa
 xDaxbacacabaabcaa
 Dxaxbacacabaabcaa
D xaxbacacabaabcaa
 Exaxbacacabaabcaa
 xEaxbacacabaabcaa
 xGxxbacacabaabcaa
 xxGxbacacabaabcaa
 xxxGbacacabaabcaa
 xxxbGacacabaabcaa
 xxxbHxcacabaabcaa
 xxxHbxcacabaabcaa
 xxHxbxcacabaabcaa
 xHxxbxcacabaabcaa
 Hxxxbxcacabaabcaa
H xxxbxcacabaabcaa
 Cxxxbxcacabaabcaa
 xCxxbxcacabaabcaa
 xxCxbxcacabaabcaa
 xxxCbxcacabaabcaa
 xxxDxxcacabaabcaa
 xxDxxxcacabaabcaa
 xDxxxxcacabaabcaa
 Dxxxxxcacabaabcaa
D xxxxxcacabaabcaa
 Exxxxxcacabaabcaa
 xExxxxcacabaabcaa
 xxExxxcacabaabcaa
 xxxExxcacabaabcaa
 xxxxExcacabaabcaa
 xxxxxEcacabaabcaa
 xxxxxcEacabaabcaa
 xxxxxcGxcabaabcaa
 xxxxxcxGcabaabcaa
 xxxxxcxcGabaabcaa
 xxxxxcxcHxbaabcaa
 xxxxxcxHcxbaabcaa
 xxxxxcHxcxbaabcaa
 xxxxxHcxcxbaabcaa
 xxxxHxcxcxbaabcaa
 xxxHxxcxcxbaabcaa
 xxHxxxcxcxbaabcaa
 xHxxxxcxcxbaabcaa
 Hxxxxxcxcxbaabcaa
H xxxxxcxcxbaabcaa
 Cxxxxxcxcxbaabcaa
 xCxxxxcxcxbaabcaa
 xxCxxxcxcxbaabcaa
 xxxCxxcxcxbaabcaa
 xxxxCxcxcxbaabcaa
 xxxxxCcxcxbaabcaa
 xxxxxcCxcxbaabcaa
 xxxxxcxCcxbaabcaa
 xxxxxcxcCxbaabcaa
 xxxxxcxcxCbaabcaa
 xxxxxcxcxDxaabcaa
 xxxxxcxcDxxaabcaa
 xxxxxcxDcxxaabcaa
 xxxxxcDxcxxaabcaa
 xxxxxDcxcxxaabcaa
 xxxxDxcxcxxaabcaa
 xxxDxxcxcxxaabcaa
 xxDxxxcxcxxaabcaa
 xDxxxxcxcxxaabcaa
 Dxxxxxcxcxxaabcaa
D xxxxxcxcxxaabcaa
 Exxxxxcxcxxaabcaa
 xExxxxcxcxxaabcaa
 xxExxxcxcxxaabcaa
 xxxExxcxcxxaabcaa
 xxxxExcxcxxaabcaa
 xxxxxEcxcxxaabcaa
 xxxxxcExcxxaabcaa
 xxxxxcxEcxxaabcaa
 xxxxxcxcExxaabcaa
 xxxxxcxcxExaabcaa
 xxxxxcxcxxEaabcaa
 xxxxxcxcxxGxabcaa
 xxxxxcxcxxxGabcaa
 xxxxxcxcxxxHxbcaa
 xxxxxcxcxxHxxbcaa
 xxxxxcxcxHxxxbcaa
 xxxxxcxcHxxxxbcaa
 xxxxxcxHcxxxxbcaa
 xxxxxcHxcxxxxbcaa
 xxxxxHcxcxxxxbcaa
 xxxxHxcxcxxxxbcaa
 xxxHxxcxcxxxxbcaa
 xxHxxxcxcxxxxbcaa
 xHxxxxcxcxxxxbcaa
 Hxxxxxcxcxxxxbcaa
H xxxxxcxcxxxxbcaa
 Cxxxxxcxcxxxxbcaa
 xCxxxxcxcxxxxbcaa
 xxCxxxcxcxxxxbcaa
 xxxCxxcxcxxxxbcaa
 xxxxCxcxcxxxxbcaa
 xxxxxCcxcxxxxbcaa
 xxxxxcCxcxxxxbcaa
 xxxxxcxCcxxxxbcaa
 xxxxxcxcCxxxxbcaa
 xxxxxcxcxCxxxbcaa
 xxxxxcxcxxCxxbcaa
 xxxxxcxcxxxCxbcaa
 xxxxxcxcxxxxCbcaa
 xxxxxcxcxxxxDxcaa
 xxxxxcxcxxxDxxcaa
 xxxxxcxcxxDxxxcaa
 xxxxxcxcxDxxxxcaa
 xxxxxcxcDxxxxxcaa
 xxxxxcxDcxxxxxcaa
 xxxxxcDxcxxxxxcaa
 xxxxxDcxcxxxxxcaa
 xxxxDxcxcxxxxxcaa
 xxxDxxcxcxxxxxcaa
 xxDxxxcxcxxxxxcaa
 xDxxxxcxcxxxxxcaa
 Dxxxxxcxcxxxxxcaa
D xxxxxcxcxxxxxcaa
 Exxxxxcxcxxxxxcaa
 xExxxxcxcxxxxxcaa
 xxExxxcxcxxxxxcaa
 xxxExxcxcxxxxxcaa
 xxxxExcxcxxxxxcaa
 xxxxxEcxcxxxxxcaa
 xxxxxcExcxxxxxcaa
 xxxxxcxEcxxxxxcaa
 xxxxxcxcExxxxxcaa
 xxxxxcxcxExxxxcaa
 xxxxxcxcxxExxxcaa
 xxxxxcxcxxxExxcaa
 xxxxxcxcxxxxExcaa
 xxxxxcxcxxxxxEcaa
 xxxxxcxcxxxxxcEaa
 xxxxxcxcxxxxxcGxa
 xxxxxcxcxxxxxcxGa
 xxxxxcxcxxxxxcxHx
 xxxxxcxcxxxxxcHxx
 xxxxxcxcxxxxxHcxx
 xxxxxcxcxxxxHxcxx
 xxxxxcxcxxxHxxcxx
 xxxxxcxcxxHxxxcxx
 xxxxxcxcxHxxxxcxx
 xxxxxcxcHxxxxxcxx
 xxxxxcxHcxxxxxcxx
 xxxxxcHxcxxxxxcxx
 xxxxxHcxcxxxxxcxx
 xxxxHxcxcxxxxxcxx
 xxxHxxcxcxxxxxcxx
 xxHxxxcxcxxxxxcxx
 xHxxxxcxcxxxxxcxx
 Hxxxxxcxcxxxxxcxx
H xxxxxcxcxxxxxcxx
 Cxxxxxcxcxxxxxcxx
 xCxxxxcxcxxxxxcxx
 xxCxxxcxcxxxxxcxx
 xxxCxxcxcxxxxxcxx
 xxxxCxcxcxxxxxcxx
 xxxxxCcxcxxxxxcxx
 xxxxxcCxcxxxxxcxx
 xxxxxcxCcxxxxxcxx
 xxxxxcxcCxxxxxcxx
 xxxxxcxcxCxxxxcxx
 xxxxxcxcxxCxxxcxx
 xxxxxcxcxxxCxxcxx
 xxxxxcxcxxxxCxcxx
 xxxxxcxcxxxxxCcxx
 xxxxxcxcxxxxxcCxx
 xxxxxcxcxxxxxcxCx
 xxxxxcxcxxxxxcxxC
 xxxxxcxcxxxxxcxxF
