S aaaa
 Aaaaa
 aBaaa
 aCxaa
 axCaa
 axaDa
 axaCx
 axaxC
 axaEx
 axEax
 aExax
 Eaxax
 aBxax
 axBax
 axCxx
 axxCx
 axxxC
 axxEx
 axExx
 aExxx
 Eaxxx
 aBxxx
 axBxx
 axxBx
 axxxB
 axxxF
